C 15000

CE <078>
CR <178>
CP <138>

F 8

I 40

L * # # + # | + + # + - + + + + + x


R {    1} {0} {} {1} { } {} {} {}
E {    2} {e} {e} {2} {0}
E {   37} {n} {n} {1} {0}

R {    2} {0} {} {arena1} { } {} {} {}
E {    1} {w} {w} {8} {0}
E {    3} {d} {d} {32} {0}

R {    3} {0} {} {3} { } {} {} {}
E {    2} {u} {u} {16} {0}
E {    4} {ne} {ne} {3} {0}
E {   19} {w} {w} {8} {0}

R {    4} {0} {} {4} { } {} {} {}
E {    3} {sw} {sw} {12} {0}
E {    5} {e} {e} {2} {0}

R {    5} {0} {} {5} { } {} {} {}
E {    4} {w} {w} {8} {0}
E {    6} {se} {se} {6} {0}

R {    6} {0} {} {6} { } {} {} {}
E {    5} {nw} {nw} {9} {0}
E {    7} {e} {e} {2} {0}

R {    7} {0} {} {7} { } {} {} {}
E {    6} {w} {w} {8} {0}
E {    8} {se} {se} {6} {0}

R {    8} {0} {} {8} { } {} {} {}
E {    7} {nw} {nw} {9} {0}
E {    9} {ne} {ne} {3} {0}

R {    9} {0} {} {9} { } {} {} {}
E {    8} {sw} {sw} {12} {0}
E {   10} {n} {n} {1} {0}

R {   10} {0} {} {10} { } {} {} {}
E {    9} {s} {s} {4} {0}
E {   11} {ne} {ne} {3} {0}

R {   11} {0} {} {11} { } {} {} {}
E {   10} {sw} {sw} {12} {0}
E {   12} {n} {n} {1} {0}

R {   12} {0} {} {cyclops} { } {} {} {}
E {   11} {s} {s} {4} {0}
E {   13} {ne} {ne} {3} {0}

R {   13} {0} {} {13} { } {} {} {}
E {   12} {sw} {sw} {12} {0}
E {   14} {d} {d} {32} {0}

R {   14} {0} {} {troll} { } {} {} {}
E {   13} {u} {u} {16} {0}
E {   15} {s} {s} {4} {0}

R {   15} {0} {} {15} { } {} {} {}
E {   14} {n} {n} {1} {0}
E {   16} {sw} {sw} {12} {0}

R {   16} {0} {} {16} { } {} {} {}
E {   15} {ne} {ne} {3} {0}
E {   17} {sw} {sw} {12} {0}

R {   17} {0} {} {17} { } {} {} {}
E {   16} {ne} {ne} {3} {0}
E {   18} {sw} {sw} {12} {0}

R {   18} {0} {} {ogre2} { } {} {} {}
E {   17} {ne} {ne} {3} {0}

R {   19} {0} {} {19} { } {} {} {}
E {    3} {e} {e} {2} {0}
E {   20} {w} {w} {8} {0}

R {   20} {0} {} {20} { } {} {} {}
E {   19} {e} {e} {2} {0}
E {   21} {w} {w} {8} {0}

R {   21} {0} {} {21} { } {} {} {}
E {   20} {e} {e} {2} {0}
E {   22} {sw} {sw} {12} {0}

R {   22} {0} {} {22} { } {} {} {}
E {   21} {ne} {ne} {3} {0}
E {   23} {s} {s} {4} {0}

R {   23} {0} {} {23} { } {} {} {}
E {   22} {n} {n} {1} {0}
E {   24} {s} {s} {4} {0}

R {   24} {0} {} {minotaur} { } {} {} {}
E {   23} {n} {n} {1} {0}
E {   25} {se} {se} {6} {0}

R {   25} {0} {} {25} { } {} {} {}
E {   24} {nw} {nw} {9} {0}
E {   26} {se} {se} {6} {0}

R {   26} {0} {} {26} { } {} {} {}
E {   25} {nw} {nw} {9} {0}
E {   27} {se} {se} {6} {0}

R {   27} {0} {} {27} { } {} {} {}
E {   26} {nw} {nw} {9} {0}
E {   28} {s} {s} {4} {0}

R {   28} {0} {} {ogre} { } {} {} {}
E {   27} {n} {n} {1} {0}
E {   29} {e} {e} {2} {0}
E {   39} {sw} {sw} {12} {0}

R {   29} {0} {} {29} { } {} {} {}
E {   28} {w} {w} {8} {0}
E {   30} {se} {se} {6} {0}

R {   30} {0} {} {30} { } {} {} {}
E {   29} {nw} {nw} {9} {0}
E {   31} {e} {e} {2} {0}

R {   31} {0} {} {31} { } {} {} {}
E {   30} {w} {w} {8} {0}
E {   32} {ne} {ne} {3} {0}

R {   32} {0} {} {32} { } {} {} {}
E {   31} {sw} {sw} {12} {0}
E {   33} {ne} {ne} {3} {0}

R {   33} {0} {} {33} { } {} {} {}
E {   32} {sw} {sw} {12} {0}
E {   34} {se} {se} {6} {0}

R {   34} {0} {} {34} { } {} {} {}
E {   33} {nw} {nw} {9} {0}
E {   35} {s} {s} {4} {0}

R {   35} {0} {} {35} { } {} {} {}
E {   34} {n} {n} {1} {0}
E {   36} {se} {se} {6} {0}

R {   36} {0} {} {36} { } {} {} {}
E {   35} {nw} {nw} {9} {0}

R {   37} {0} {} {37} { } {} {} {}
E {    1} {s} {s} {4} {0}
E {   38} {d} {d} {32} {0}

R {   38} {0} {} {38} { } {} {} {}
E {   37} {u} {u} {16} {0}

R {   39} {0} {} {39} { } {} {} {}
E {   28} {ne} {ne} {3} {0}
E {   40} {sw} {sw} {12} {0}

R {   40} {0} {} {40} { } {} {} {}
E {   39} {ne} {ne} {3} {0}
